// Jest Snapshot v1, https://goo.gl/fbAQLP

exports[`characterCard Tests should match the snapshot 1`] = `
<div
  class="sc-bdVaJa juTEnT"
>
  <div
    class="sc-bwzfXH ebHYCu"
  >
    Bob 
    <img
      src="somepath/path"
    />
    <div>
      Night: 
    </div>
    <div>
      He's a character
    </div>
  </div>
</div>
`;
